// Jest Snapshot v1, https://goo.gl/fbAQLP

exports[`selectOption tests basic tests matches the snapshot 1`] = `
.c2 {
  box-sizing: border-box;
  position: relative;
  border-radius: 4px;
  box-shadow: 0px 2px 8px -4px rgba(0,0,0,1);
  display: block;
  color: rgb(68,68,68);
  font-size: 13px;
  font-family: inherit;
  border: solid 1px rgba(0,0,0,0.2);
  outline: none;
  padding: 6px 12px 6px 6px;
  width: 100%;
  background-color: #fbfbfb;
  background-size: 12px 12px;
  -webkit-appearance: none;
  min-height: 32px;
  margin-bottom: 12px;
}

.c1 {
  position: relative;
}

.c1::after {
  display: -webkit-box;
  display: -webkit-flex;
  display: -ms-flexbox;
  display: flex;
  opacity: 1;
  content: "â–¼";
  position: absolute;
  top: 0;
  right: 0;
  -webkit-align-items: center;
  -webkit-box-align: center;
  -ms-flex-align: center;
  align-items: center;
  max-height: 100%;
  height: 100%;
  padding: 0 8px;
  font-size: 13px;
}

.c0 {
  margin: 0 0 4px 2px;
}

<div>
  <p
    className="c0"
  />
  <div
    className="c1"
    disabled={false}
    multiple={false}
  >
    <select
      autoFocus={false}
      className="c2"
      disabled={false}
      id="selectOption"
      multiple={false}
      onChange={[Function]}
      value="test"
    >
      <option>
        some option
      </option>
    </select>
  </div>
</div>
`;
