// Jest Snapshot v1, https://goo.gl/fbAQLP

exports[`contentToggle tests matches the snapshot 1`] = `
<details
  id={undefined}
  open={false}
>
  <summary
    className="summary"
    onClick={[Function]}
  >
    testSummary
  </summary>
  <div />
</details>
`;
