// Jest Snapshot v1, https://goo.gl/fbAQLP

exports[`dataBlock tests dataBlock component tests basic tests matches the snapshot 1`] = `
.c0 {
  box-sizing: border-box;
  display: inline-block;
  -webkit-font-smoothing: antialiased;
  font-weight: 400;
  margin: 0;
  padding: 0;
  color: inherit;
  font-size: inherit;
  font-family: inherit;
}

.c0 > li {
  display: inline-block;
  margin-right: 40px;
  margin-bottom: 20px;
}

<ul
  className="c0"
  id={undefined}
/>
`;

exports[`dataBlock tests dataItem component tests basic tests matches the snapshot 1`] = `
.c0 {
  -webkit-user-select: auto;
  -moz-user-select: auto;
  -ms-user-select: auto;
  user-select: auto;
  box-sizing: border-box;
  vertical-align: middle;
  list-style-type: none;
  font-size: inherit;
  font-family: inherit;
}

.c1 {
  color: inherit;
  font-size: 44px;
  line-height: 52px;
  width: 7ch;
  text-align: inherit;
  box-sizing: border-box;
  -webkit-letter-spacing: -0.4px;
  -moz-letter-spacing: -0.4px;
  -ms-letter-spacing: -0.4px;
  letter-spacing: -0.4px;
  font-family: inherit;
  text-overflow: ellipsis;
  white-space: nowrap;
  overflow: hidden;
}

<li
  className="c0"
  id={undefined}
  onClick={undefined}
  size="medium"
>
  <span
    className="c1"
    size="medium"
  />
</li>
`;
