// Jest Snapshot v1, https://goo.gl/fbAQLP

exports[`boxedContent tests basic tests matches the snapshot 1`] = `
.c0 {
  font-size: inherit;
  box-sizing: border-box;
}

<div
  className="c0"
  id="testBoxedContent"
/>
`;
