// Jest Snapshot v1, https://goo.gl/fbAQLP

exports[`browserText tests matches the snapshot 1`] = `
<p
  className="sc-bdVaJa dHyaWO"
  color={undefined}
  fontSize={undefined}
  id={undefined}
  onClick={undefined}
>
  testText
</p>
`;
