// Jest Snapshot v1, https://goo.gl/fbAQLP

exports[`anchor tests matches the snapshot 1`] = `
<a
  className="sc-bdVaJa gNSFuh"
  href="#"
  id={undefined}
  rel="noreferrer noopener"
  target={undefined}
>
  testText
</a>
`;
