// Jest Snapshot v1, https://goo.gl/fbAQLP

exports[`pushButton tests basic tests matches the snapshot 1`] = `
.c0 {
  font-size: 13px;
  min-width: 78px;
  min-height: 32px;
  font-family: inherit;
  position: relative;
  display: inline-block;
  text-align: center;
  box-shadow: 0px 1px 5px -1px rgba(0,0,0,0.5);
  box-sizing: border-box;
  outline: none;
  border: none;
  border-radius: 2px;
  background-size: 16px;
  background-position: center center;
  background-repeat: no-repeat;
  background-image: none;
  line-height: 1.25;
  width: auto;
  white-space: nowrap;
  padding-top: 5px;
  padding-bottom: 5px;
  padding-right: 16px;
  padding-left: 16px;
  margin-top: 0;
  margin-right: 0;
  margin-bottom: 0;
  margin-left: 0;
  -webkit-app-region: no-drag;
  cursor: pointer;
  -webkit-user-select: none;
  -moz-user-select: none;
  -ms-user-select: none;
  user-select: none;
  -webkit-transition: .1s opacity,.1s background;
  transition: .1s opacity,.1s background;
  color: #5a5a5a;
  background-color: #fff;
}

.c0:active {
  bottom: -1px;
}

.c0:hover {
  color: #000;
}

<button
  className="c0"
  color="default"
  disabled={false}
  id={undefined}
  onClick={undefined}
/>
`;
