// Jest Snapshot v1, https://goo.gl/fbAQLP

exports[`browserButton tests matches the snapshot 1`] = `
<button
  className="sc-bdVaJa hGmOLT"
  color="default"
  disabled={false}
  fontSize={undefined}
  id={undefined}
  onClick={undefined}
  size={undefined}
/>
`;
